[INFO] Scanning for projects...
[INFO] 
[INFO] -----------------------< com.codewithmosh:store >-----------------------
[INFO] Building store 0.0.1-SNAPSHOT
[INFO]   from pom.xml
[INFO] --------------------------------[ jar ]---------------------------------
[INFO] 
[INFO] --- clean:3.4.1:clean (default-clean) @ store ---
[INFO] Deleting /Users/apple/Documents/Java/spring-api-starter/target
[INFO] 
[INFO] --- resources:3.3.1:resources (default-resources) @ store ---
[INFO] Copying 3 resources from src/main/resources to target/classes
[INFO] Copying 6 resources from src/main/resources to target/classes
[INFO] 
[INFO] --- compiler:3.13.0:compile (default-compile) @ store ---
[INFO] Recompiling the module because of changed source code.
[INFO] Compiling 72 source files with javac [debug parameters release 17] to target/classes
[WARNING] /Users/apple/Documents/Java/spring-api-starter/src/main/java/com/codewithsakkol/wizard/store/users/User.java:[64,26] @Builder will ignore the initializing expression entirely. If you want the initializing expression to serve as default, add @Builder.Default. If it is not supposed to be settable during building, make the field final.
[WARNING] /Users/apple/Documents/Java/spring-api-starter/src/main/java/com/codewithsakkol/wizard/store/users/UserMapper.java:[14,10] Unmapped target properties: "id, role, addresses, profile, favoriteProducts".
[WARNING] /Users/apple/Documents/Java/spring-api-starter/src/main/java/com/codewithsakkol/wizard/store/users/UserMapper.java:[15,10] Unmapped target properties: "id, name, password, role, addresses, profile, favoriteProducts".
[WARNING] /Users/apple/Documents/Java/spring-api-starter/src/main/java/com/codewithsakkol/wizard/store/products/ProductMapper.java:[13,13] Unmapped target property: "category".
[WARNING] /Users/apple/Documents/Java/spring-api-starter/src/main/java/com/codewithsakkol/wizard/store/products/ProductMapper.java:[14,10] Unmapped target property: "category".
[INFO] ------------------------------------------------------------------------
[INFO] BUILD SUCCESS
[INFO] ------------------------------------------------------------------------
[INFO] Total time:  1.871 s
[INFO] Finished at: 2026-07-01T00:47:00+07:00
[INFO] ------------------------------------------------------------------------
